   text	   data	    bss	    dec	    hex	filename
   2100	     28	     26	   2154	    86a	../object/SYSLIB/at_uart/src/at_uart.o.flash
   2157	      0	     40	   2197	    895	../object/SYSLIB/at_uart/src/dirty_data_processing.o.ram
   1202	      0	      0	   1202	    4b2	../object/SYSLIB/flash/src/flash_adapt.o.ram
   2172	      0	      9	   2181	    885	../object/SYSLIB/flash/src/xy_flash.o.flash
   1680	      0	     12	   1692	    69c	../object/SYSLIB/system/src/dsp_process.o.flash
    623	      0	      7	    630	    276	../object/SYSLIB/system/src/dump_process.o.flash
   3782	      1	     32	   3815	    ee7	../object/SYSLIB/system/src/oss_nv.o.flash
    188	      0	      4	    192	     c0	../object/SYSLIB/system/src/sys_app_init.o.flash
    924	      2	      8	    934	    3a6	../object/SYSLIB/system/src/sys_init.o.flash
    311	      0	     10	    321	    141	../object/SYSLIB/system/src/xy_hwi.o.ram
     99	      0	      0	     99	     63	../object/SYSLIB/system/src/xy_lib_stub.o.flash
    971	      0	      0	    971	    3cb	../object/SYSLIB/system/src/xy_mem.o.ram
    336	      0	      0	    336	    150	../object/SYSLIB/system/src/xy_printf.o.flash
    513	      0	      8	    521	    209	../object/SYSLIB/system/src/xy_proxy.o.flash
   3227	      0	      0	   3227	    c9b	../object/SYSLIB/system/src/xy_ps_api.o.flash
    286	      0	     16	    302	    12e	../object/SYSLIB/system/src/xy_ps_ext_api.o.flash
    836	      8	      8	    852	    354	../object/SYSLIB/system/src/xy_system.o.flash
    680	      0	      8	    688	    2b0	../object/SYSLIB/system/src/xy_utils.o.flash
    545	      0	      8	    553	    229	../object/SYSLIB/system/src/xy_watchdog.o.flash
     32	      0	      0	     32	     20	../object/ARCH/core_cm3/src/HardFault.o.ram
    138	      0	      0	    138	     8a	../object/ARCH/core_cm3/src/core_cm3.o.ram
    282	      0	      0	    282	    11a	../object/ARCH/startup/src/startup_cm3.o.ram
   1346	      4	      0	   1350	    546	../object/APPLIB/dm/xy_dm/src/dm_ctl.o.flash
   3260	      0	     20	   3280	    cd0	../object/APPLIB/dm/xy_dm/src/telecom_dm.o.flash
   3157	      0	     29	   3186	    c72	../object/APPLIB/dm/xy_dm/src/unicom_dm.o.flash
     73	      0	      0	     73	     49	../object/APPLIB/libcoap/CoapPacket/src/address.o.flash
    406	      0	      0	    406	    196	../object/APPLIB/libcoap/CoapPacket/src/async.o.flash
   1327	      0	      0	   1327	    52f	../object/APPLIB/libcoap/CoapPacket/src/block.o.flash
   4788	      1	    495	   5284	   14a4	../object/APPLIB/libcoap/CoapPacket/src/coap_debug.o.flash
     14	      0	      0	     14	      e	../object/APPLIB/libcoap/CoapPacket/src/coap_event.o.flash
     46	      0	      0	     46	     2e	../object/APPLIB/libcoap/CoapPacket/src/coap_hashkey.o.flash
   1198	      0	      0	   1198	    4ae	../object/APPLIB/libcoap/CoapPacket/src/coap_io_lwip.o.flash
    144	      0	     28	    172	     ac	../object/APPLIB/libcoap/CoapPacket/src/coap_notls.o.flash
   8914	      0	    384	   9298	   2452	../object/APPLIB/libcoap/CoapPacket/src/coap_session.o.flash
      0	      0	      0	      0	      0	../object/APPLIB/libcoap/CoapPacket/src/coap_time.o.flash
    340	      0	      0	    340	    154	../object/APPLIB/libcoap/CoapPacket/src/encode.o.flash
      0	      0	      0	      0	      0	../object/APPLIB/libcoap/CoapPacket/src/mem.o.flash
   8115	      0	      4	   8119	   1fb7	../object/APPLIB/libcoap/CoapPacket/src/net.o.flash
   2362	      0	      0	   2362	    93a	../object/APPLIB/libcoap/CoapPacket/src/option.o.flash
   4077	    192	      0	   4269	   10ad	../object/APPLIB/libcoap/CoapPacket/src/pdu.o.flash
   5697	      8	      0	   5705	   1649	../object/APPLIB/libcoap/CoapPacket/src/resource.o.flash
    203	      0	     20	    223	     df	../object/APPLIB/libcoap/CoapPacket/src/str.o.flash
     77	      0	      0	     77	     4d	../object/APPLIB/libcoap/CoapPacket/src/subscribe.o.flash
   1881	      0	      0	   1881	    759	../object/APPLIB/libcoap/CoapPacket/src/uri.o.flash
   1985	      0	     14	   1999	    7cf	../object/APPLIB/libcoap/xy_coap/src/at_coap.o.flash
   6399	     19	     73	   6491	   195b	../object/APPLIB/libcoap/xy_coap/src/xy_coap_api.o.flash
   4056	      0	      0	   4056	    fd8	../object/APPLIB/lwip/lwip-2.1.2/api/api_lib.o.flash
   8413	      0	      0	   8413	   20dd	../object/APPLIB/lwip/lwip-2.1.2/api/api_msg.o.flash
     96	      0	      0	     96	     60	../object/APPLIB/lwip/lwip-2.1.2/api/err.o.flash
     70	      0	      0	     70	     46	../object/APPLIB/lwip/lwip-2.1.2/api/if_api.o.flash
   1039	      0	      0	   1039	    40f	../object/APPLIB/lwip/lwip-2.1.2/api/netbuf.o.flash
    694	      0	     56	    750	    2ee	../object/APPLIB/lwip/lwip-2.1.2/api/netdb.o.flash
    332	      0	      0	    332	    14c	../object/APPLIB/lwip/lwip-2.1.2/api/netifapi.o.flash
  11063	      0	     44	  11107	   2b63	../object/APPLIB/lwip/lwip-2.1.2/api/sockets.o.flash
   1437	      0	     12	   1449	    5a9	../object/APPLIB/lwip/lwip-2.1.2/api/tcpip.o.flash
   2026	      0	     93	   2119	    847	../object/APPLIB/lwip/lwip-2.1.2/apps/sntp/sntp.o.flash
      0	      0	      0	      0	      0	../object/APPLIB/lwip/lwip-2.1.2/core/altcp.o.flash
      0	      0	      0	      0	      0	../object/APPLIB/lwip/lwip-2.1.2/core/altcp_alloc.o.flash
      0	      0	      0	      0	      0	../object/APPLIB/lwip/lwip-2.1.2/core/altcp_tcp.o.flash
    292	      0	      0	    292	    124	../object/APPLIB/lwip/lwip-2.1.2/core/def.o.flash
   3435	      2	    290	   3727	    e8f	../object/APPLIB/lwip/lwip-2.1.2/core/dns.o.flash
    885	      0	      0	    885	    375	../object/APPLIB/lwip/lwip-2.1.2/core/inet_chksum.o.flash
     34	      0	      0	     34	     22	../object/APPLIB/lwip/lwip-2.1.2/core/init.o.flash
    132	      0	      0	    132	     84	../object/APPLIB/lwip/lwip-2.1.2/core/ip.o.flash
      0	      0	      0	      0	      0	../object/APPLIB/lwip/lwip-2.1.2/core/ipv4/autoip.o.flash
      0	      0	      0	      0	      0	../object/APPLIB/lwip/lwip-2.1.2/core/ipv4/dhcp.o.flash
      0	      0	      0	      0	      0	../object/APPLIB/lwip/lwip-2.1.2/core/ipv4/etharp.o.flash
    787	      0	      0	    787	    313	../object/APPLIB/lwip/lwip-2.1.2/core/ipv4/icmp.o.flash
      0	      0	      0	      0	      0	../object/APPLIB/lwip/lwip-2.1.2/core/ipv4/igmp.o.flash
   1158	      0	      2	   1160	    488	../object/APPLIB/lwip/lwip-2.1.2/core/ipv4/ip4.o.flash
    730	      0	     16	    746	    2ea	../object/APPLIB/lwip/lwip-2.1.2/core/ipv4/ip4_addr.o.flash
   2689	      0	      6	   2695	    a87	../object/APPLIB/lwip/lwip-2.1.2/core/ipv4/ip4_frag.o.flash
      0	      0	      0	      0	      0	../object/APPLIB/lwip/lwip-2.1.2/core/ipv6/dhcp6.o.flash
      0	      0	      0	      0	      0	../object/APPLIB/lwip/lwip-2.1.2/core/ipv6/ethip6.o.flash
    849	      0	      0	    849	    351	../object/APPLIB/lwip/lwip-2.1.2/core/ipv6/icmp6.o.flash
     16	      0	      0	     16	     10	../object/APPLIB/lwip/lwip-2.1.2/core/ipv6/inet6.o.flash
   3027	      0	      0	   3027	    bd3	../object/APPLIB/lwip/lwip-2.1.2/core/ipv6/ip6.o.flash
    780	      0	     40	    820	    334	../object/APPLIB/lwip/lwip-2.1.2/core/ipv6/ip6_addr.o.flash
   2746	      0	     10	   2756	    ac4	../object/APPLIB/lwip/lwip-2.1.2/core/ipv6/ip6_frag.o.flash
      0	      0	      0	      0	      0	../object/APPLIB/lwip/lwip-2.1.2/core/ipv6/mld6.o.flash
   1301	      8	     33	   1342	    53e	../object/APPLIB/lwip/lwip-2.1.2/core/ipv6/nd6.o.flash
    304	      0	      0	    304	    130	../object/APPLIB/lwip/lwip-2.1.2/core/mem.o.flash
    833	      0	      0	    833	    341	../object/APPLIB/lwip/lwip-2.1.2/core/memp.o.flash
   3933	      0	      1	   3934	    f5e	../object/APPLIB/lwip/lwip-2.1.2/core/netif.o.flash
   4390	      0	      0	   4390	   1126	../object/APPLIB/lwip/lwip-2.1.2/core/pbuf.o.flash
   1954	      0	      4	   1958	    7a6	../object/APPLIB/lwip/lwip-2.1.2/core/raw.o.flash
      0	      0	      0	      0	      0	../object/APPLIB/lwip/lwip-2.1.2/core/stats.o.flash
     34	      0	      0	     34	     22	../object/APPLIB/lwip/lwip-2.1.2/core/sys.o.flash
   8906	      0	      8	   8914	   22d2	../object/APPLIB/lwip/lwip-2.1.2/core/tcp.o.flash
   6802	      0	     52	   6854	   1ac6	../object/APPLIB/lwip/lwip-2.1.2/core/tcp_in.o.flash
   8642	      0	      0	   8642	   21c2	../object/APPLIB/lwip/lwip-2.1.2/core/tcp_out.o.flash
   1212	      0	     16	   1228	    4cc	../object/APPLIB/lwip/lwip-2.1.2/core/timeouts.o.flash
   4231	      0	      2	   4233	   1089	../object/APPLIB/lwip/lwip-2.1.2/core/udp.o.flash
      0	      0	      0	      0	      0	../object/APPLIB/lwip/lwip-2.1.2/netif/ethernet.o.flash
      0	      0	      0	      0	      0	../object/APPLIB/lwip/lwip_port/os/ethernetif.o.flash
    384	      0	      0	    384	    180	../object/APPLIB/lwip/lwip_port/os/sys_arch.o.flash
   1667	      4	     20	   1691	    69b	../object/APPLIB/lwip/xy_adapter/src/net_app_resume.o.flash
    522	      0	      8	    530	    212	../object/APPLIB/lwip/xy_adapter/src/netif_mgmt.o.flash
   3244	      2	     60	   3306	    cea	../object/APPLIB/lwip/xy_adapter/src/ps_netif_api.o.flash
    476	      0	      0	    476	    1dc	../object/APPLIB/perf/xy_perf/src/at_perf.o.flash
   1137	      0	      4	   1141	    475	../object/APPLIB/perf/xy_perf/src/xyperf.o.flash
   1068	      0	      0	   1068	    42c	../object/APPLIB/perf/xy_perf/src/xyperf6.o.flash
    623	      0	      0	    623	    26f	../object/APPLIB/ping/xy_ping/src/at_ping.o.flash
    382	      0	      0	    382	    17e	../object/APPLIB/ping/xy_ping/src/net_utils.o.flash
   2950	      0	     20	   2970	    b9a	../object/APPLIB/ping/xy_ping/src/ping.o.flash
   2700	      4	      2	   2706	    a92	../object/APPLIB/ping/xy_ping/src/ping6.o.flash
    212	      0	      0	    212	     d4	../object/APPLIB/wakaama/core/block1.o.flash
      0	      0	      0	      0	      0	../object/APPLIB/wakaama/core/bootstrap.o.flash
   1164	      0	      0	   1164	    48c	../object/APPLIB/wakaama/core/data.o.flash
   1770	      0	      0	   1770	    6ea	../object/APPLIB/wakaama/core/discover.o.flash
   3581	      4	      3	   3588	    e04	../object/APPLIB/wakaama/core/er-coap-13/er-coap-13.o.flash
      0	      0	      0	      0	      0	../object/APPLIB/wakaama/core/json.o.flash
    806	      0	      0	    806	    326	../object/APPLIB/wakaama/core/liblwm2m.o.flash
    164	      0	      0	    164	     a4	../object/APPLIB/wakaama/core/list.o.flash
   1251	      0	      0	   1251	    4e3	../object/APPLIB/wakaama/core/management.o.flash
   2335	      0	      0	   2335	    91f	../object/APPLIB/wakaama/core/objects.o.flash
   2224	      0	      0	   2224	    8b0	../object/APPLIB/wakaama/core/observe.o.flash
    856	      0	    280	   1136	    470	../object/APPLIB/wakaama/core/packet.o.flash
   1473	      0	      0	   1473	    5c1	../object/APPLIB/wakaama/core/registration.o.flash
   1335	      0	      0	   1335	    537	../object/APPLIB/wakaama/core/tlv.o.flash
    960	      0	      0	    960	    3c0	../object/APPLIB/wakaama/core/transaction.o.flash
    720	      0	      0	    720	    2d0	../object/APPLIB/wakaama/core/uri.o.flash
   1546	      0	      0	   1546	    60a	../object/APPLIB/wakaama/core/utils.o.flash
   2746	      0	     12	   2758	    ac6	../object/APPLIB/wakaama/examples/lightclient/lightclient.o.flash
    457	      0	      0	    457	    1c9	../object/APPLIB/wakaama/examples/lightclient/object_device.o.flash
    490	      0	      0	    490	    1ea	../object/APPLIB/wakaama/examples/lightclient/object_security.o.flash
    945	      0	      0	    945	    3b1	../object/APPLIB/wakaama/examples/lightclient/object_server.o.flash
   1130	      0	      0	   1130	    46a	../object/APPLIB/wakaama/examples/lightclient/test_object.o.flash
    550	      0	      0	    550	    226	../object/APPLIB/wakaama/examples/shared/connection.o.flash
     64	      0	      0	     64	     40	../object/APPLIB/wakaama/examples/shared/platform.o.flash
    243	      0	      0	    243	     f3	../object/APPLIB/wireshark/xy_wireshark/src/at_wireshark.o.flash
    460	      0	     12	    472	    1d8	../object/APPLIB/wireshark/xy_wireshark/src/xy_wireshark.o.flash
    819	      0	      9	    828	    33c	../object/APPLIB/xy_fota/src/at_fota.o.flash
   1782	      0	      0	   1782	    6f6	../object/APPLIB/xy_fota/src/xy_fota.o.flash
      0	      0	      0	      0	      0	../object/APPLIB/xy_fota/src/xy_fota_by_ble.o.flash
    176	      0	      0	    176	     b0	../object/APPLIB/xy_fota/src/xy_fota_utils.o.flash
      0	      0	      0	      0	      0	../object/USERAPP/basic/src/demo_gpio.o.flash
      0	      0	      0	      0	      0	../object/USERAPP/basic/src/demo_i2c.o.flash
      0	      0	      0	      0	      0	../object/USERAPP/basic/src/demo_spi.o.flash
      0	      0	      0	      0	      0	../object/USERAPP/basic/src/demo_uart.o.flash
   1504	      0	      0	   1504	    5e0	../object/USERAPP/basic/src/spi_lcd.o.flash
      0	      0	      0	      0	      0	../object/USERAPP/basic/src/st7735.o.flash
    235	      0	      0	    235	     eb	../object/USERAPP/basic/src/xy_app_hook.o.flash
      0	      0	      0	      0	      0	../object/USERAPP/basic/src/xy_demo.o.flash
    330	     14	      4	    348	    15c	../object/USERAPP/basic/src/xy_sys_hook.o.flash
    160	      0	      4	    164	     a4	../object/USERAPP/basic/src/zos_main.o.flash
     36	      0	      0	     36	     24	../object/USERAPP/examples/NB+MCU_SPI_DEMO/COMMON_PROTOCOL/bms_msg_info.o.flash
    477	      0	      2	    479	    1df	../object/USERAPP/examples/NB+MCU_SPI_DEMO/COMMON_PROTOCOL/tlv_protocol.o.flash
    384	      0	      0	    384	    180	../object/USERAPP/examples/NB+MCU_SPI_DEMO/MCU_SPI_SLAVE/bms_slave_api.o.flash
    490	      0	      4	    494	    1ee	../object/USERAPP/examples/NB+MCU_SPI_DEMO/MCU_SPI_SLAVE/bms_slave_demo.o.flash
    555	      0	     16	    571	    23b	../object/USERAPP/examples/NB+MCU_SPI_DEMO/MCU_SPI_SLAVE/bms_slave_init.o.flash
    280	      0	      0	    280	    118	../object/USERAPP/examples/NB+MCU_SPI_DEMO/NB_SPI_MASTER/nb_master_api.o.flash
    287	      0	      0	    287	    11f	../object/USERAPP/examples/NB+MCU_SPI_DEMO/NB_SPI_MASTER/nb_master_demo.o.flash
    491	      0	     20	    511	    1ff	../object/USERAPP/examples/NB+MCU_SPI_DEMO/NB_SPI_MASTER/nb_master_init.o.flash
      0	      0	      0	      0	      0	../object/USERAPP/examples/external_devices_demo/BY25D80AS/hal_spi_nor_flash_demo.o.flash
   1184	      0	      0	   1184	    4a0	../object/USERAPP/examples/external_devices_demo/GC6153/cmos_gc6153.o.flash
   1386	      5	    217	   1608	    648	../object/USERAPP/examples/external_devices_demo/GC6153/cmos_recv_demo.o.flash
      0	      0	      0	      0	      0	../object/USERAPP/examples/external_devices_demo/SHT30/hal_rtc_uart_demo.o.flash
      0	      0	      0	      0	      0	../object/USERAPP/examples/external_devices_demo/ST7735/spi_lcd.o.flash
      0	      0	      0	      0	      0	../object/USERAPP/examples/external_devices_demo/ST7735/st7735.o.flash
    304	      0	      4	    308	    134	../object/USERAPP/examples/user_shmmsg_demo/user_shmmsg_demo.o.flash
      0	      0	      0	      0	      0	../object/USERAPP/examples/xy_at_demo/at_NFTCIMEI_demo.o.flash
    456	      0	      4	    460	    1cc	../object/USERAPP/examples/xy_at_demo/at_encode_demo.o.flash
      0	      0	      0	      0	      0	../object/USERAPP/examples/xy_at_demo/at_special_demo.o.flash
   1113	      4	     24	   1141	    475	../object/USERAPP/examples/xy_at_demo/at_transparent_mode.o.flash
      0	      0	      0	      0	      0	../object/USERAPP/examples/xy_cloud_demo/cdp/cdp_opencpu_demo.o.flash
      0	      0	      0	      0	      0	../object/USERAPP/examples/xy_cloud_demo/coap_opencpu_demo.o.flash
      0	      0	      0	      0	      0	../object/USERAPP/examples/xy_cloud_demo/connectivity_test.o.flash
      0	      0	      0	      0	      0	../object/USERAPP/examples/xy_cloud_demo/mqtt_opencpu_demo.o.flash
      0	      0	      0	      0	      0	../object/USERAPP/examples/xy_cloud_demo/onenet/cis_opencpu_demo.o.flash
      0	      0	      0	      0	      0	../object/USERAPP/examples/xy_cloud_demo/onenet/cis_opencpu_simple_demo.o.flash
      0	      0	      0	      0	      0	../object/USERAPP/examples/xy_opencpu_demo/user_ps_demo.o.flash
      0	      0	      0	      0	      0	../object/USERAPP/examples/xy_opencpu_demo/user_task_demo.o.flash
      0	      0	      0	      0	      0	../object/USERAPP/examples/xy_opencpu_demo/user_task_demo2.o.flash
      0	      0	      0	      0	      0	../object/USERAPP/examples/xy_opencpu_demo/user_task_demo3.o.flash
      0	      0	      0	      0	      0	../object/USERAPP/examples/xy_opencpu_demo/user_task_volatile_demo.o.flash
      0	      0	      0	      0	      0	../object/USERAPP/examples/xy_peripheral_demo/flash/user_flash_demo.o.flash
      0	      0	      0	      0	      0	../object/USERAPP/examples/xy_peripheral_demo/gpio_wakeup/gpio_wakeup_demo.o.flash
      0	      0	      0	      0	      0	../object/USERAPP/examples/xy_peripheral_demo/hal_adc/hal_adc_demo.o.flash
      0	      0	      0	      0	      0	../object/USERAPP/examples/xy_peripheral_demo/hal_csp/hal_csp_spi_demo1.o.flash
      0	      0	      0	      0	      0	../object/USERAPP/examples/xy_peripheral_demo/hal_csp/hal_csp_spi_demo2.o.flash
      0	      0	      0	      0	      0	../object/USERAPP/examples/xy_peripheral_demo/hal_csp/hal_csp_uart_IT_demo.o.flash
      0	      0	      0	      0	      0	../object/USERAPP/examples/xy_peripheral_demo/hal_csp/hal_csp_uart_poll_demo.o.flash
      0	      0	      0	      0	      0	../object/USERAPP/examples/xy_peripheral_demo/hal_gpio/hal_gpio_input_demo.o.flash
      0	      0	      0	      0	      0	../object/USERAPP/examples/xy_peripheral_demo/hal_gpio/hal_gpio_interrupt_demo.o.flash
      0	      0	      0	      0	      0	../object/USERAPP/examples/xy_peripheral_demo/hal_gpio/hal_gpio_output_demo.o.flash
   1187	      0	     16	   1203	    4b3	../object/USERAPP/examples/xy_peripheral_demo/hal_gpio/net_led_pro.o.flash
      0	      0	      0	      0	      0	../object/USERAPP/examples/xy_peripheral_demo/hal_i2c/hal_i2c_master_demo.o.flash
      0	      0	      0	      0	      0	../object/USERAPP/examples/xy_peripheral_demo/hal_i2c/hal_i2c_slave_IT_demo.o.flash
      0	      0	      0	      0	      0	../object/USERAPP/examples/xy_peripheral_demo/hal_i2c/hal_i2c_slave_demo.o.flash
    762	      0	      4	    766	    2fe	../object/USERAPP/examples/xy_peripheral_demo/hal_ipc/hal_ipc_demo.o.flash
      0	      0	      0	      0	      0	../object/USERAPP/examples/xy_peripheral_demo/hal_spi/hal_spi_master_demo.o.flash
      0	      0	      0	      0	      0	../object/USERAPP/examples/xy_peripheral_demo/hal_spi/hal_spi_slave_IT_demo.o.flash
      0	      0	      0	      0	      0	../object/USERAPP/examples/xy_peripheral_demo/hal_spi/hal_spi_slave_demo.o.flash
      0	      0	      0	      0	      0	../object/USERAPP/examples/xy_peripheral_demo/hal_tim/hal_timer_cap_and_cmp_demo.o.flash
      0	      0	      0	      0	      0	../object/USERAPP/examples/xy_peripheral_demo/hal_tim/hal_timer_capture_demo.o.flash
      0	      0	      0	      0	      0	../object/USERAPP/examples/xy_peripheral_demo/hal_tim/hal_timer_compare_demo.o.flash
      0	      0	      0	      0	      0	../object/USERAPP/examples/xy_peripheral_demo/hal_tim/hal_timer_continuous_demo.o.flash
      0	      0	      0	      0	      0	../object/USERAPP/examples/xy_peripheral_demo/hal_tim/hal_timer_counter_demo.o.flash
      0	      0	      0	      0	      0	../object/USERAPP/examples/xy_peripheral_demo/hal_tim/hal_timer_gated_demo.o.flash
      0	      0	      0	      0	      0	../object/USERAPP/examples/xy_peripheral_demo/hal_tim/hal_timer_one_shot_demo.o.flash
      0	      0	      0	      0	      0	../object/USERAPP/examples/xy_peripheral_demo/hal_tim/hal_timer_pwm_dual_demo.o.flash
      0	      0	      0	      0	      0	../object/USERAPP/examples/xy_peripheral_demo/hal_tim/hal_timer_pwm_single_demo.o.flash
      0	      0	      0	      0	      0	../object/USERAPP/examples/xy_socket_demo/xy_async_socket_demo.o.flash
      0	      0	      0	      0	      0	../object/USERAPP/examples/xy_socket_demo/xy_socket_demo.o.flash
